error: the trait `Foo` cannot be auto-implemented for Arc-smartpointer, because this method has a `&mut self` receiver (only `&self` and no receiver are allowed)

note: auto-impl requested here
 --> $DIR/mut_self_for_arc.rs:6:5
  |
6 |     fn foo(&mut self);
  |     ^^
